error: Only the following modules are allowed: `Module`, `Call`, `Storage`, `Event`, `Config`, `Origin`, `Inherent`, `ValidateUnsigned`, `Benchmarking`
  --> $DIR/default_module_invalid_arg.rs:10:32
   |
10 |         Balance: balances::{default, Error},
   |                                      ^^^^^
